Archive member included to satisfy reference by file (symbol)

c:/program files (x86)/atmel/studio/7.0/toolchain/avr8/avr8-gnu-toolchain/bin/../lib/gcc/avr/5.4.0/avr5\libgcc.a(_udivmodhi4.o)
                              MCAL/TIMER1/Timer1_Prog.o (__udivmodhi4)
c:/program files (x86)/atmel/studio/7.0/toolchain/avr8/avr8-gnu-toolchain/bin/../lib/gcc/avr/5.4.0/avr5\libgcc.a(_udivmodsi4.o)
                              HAL/LCD_Driver/LCD.o (__udivmodsi4)
c:/program files (x86)/atmel/studio/7.0/toolchain/avr8/avr8-gnu-toolchain/bin/../lib/gcc/avr/5.4.0/avr5\libgcc.a(_exit.o)
                              C:/Program Files (x86)/Atmel/Studio/7.0/Packs/atmel/ATmega_DFP/1.7.374/gcc/dev/atmega32a/avr5/crtatmega32a.o (exit)
c:/program files (x86)/atmel/studio/7.0/toolchain/avr8/avr8-gnu-toolchain/bin/../lib/gcc/avr/5.4.0/avr5\libgcc.a(_copy_data.o)
                              HAL/7 segment/7_SEG.o (__do_copy_data)
c:/program files (x86)/atmel/studio/7.0/toolchain/avr8/avr8-gnu-toolchain/bin/../lib/gcc/avr/5.4.0/avr5\libgcc.a(_clear_bss.o)
                              HAL/LCD_Driver/LCD.o (__do_clear_bss)
c:/program files (x86)/atmel/studio/7.0/toolchain/avr8/avr8-gnu-toolchain/bin/../lib/gcc/avr/5.4.0/avr5\libgcc.a(_umulhisi3.o)
                              HAL/Ultrasonic/Ultrasonic_Prog.o (__umulhisi3)

Discarded input sections

 .data          0x00000000        0x0 C:/Program Files (x86)/Atmel/Studio/7.0/Packs/atmel/ATmega_DFP/1.7.374/gcc/dev/atmega32a/avr5/crtatmega32a.o
 .bss           0x00000000        0x0 C:/Program Files (x86)/Atmel/Studio/7.0/Packs/atmel/ATmega_DFP/1.7.374/gcc/dev/atmega32a/avr5/crtatmega32a.o
 .text          0x00000000        0x0 HAL/7 segment/7_SEG.o
 .data          0x00000000        0x0 HAL/7 segment/7_SEG.o
 .bss           0x00000000        0x0 HAL/7 segment/7_SEG.o
 .text._7_SEG_Init
                0x00000000        0x6 HAL/7 segment/7_SEG.o
 .rodata        0x00000000        0xb HAL/7 segment/7_SEG.o
 .text._7_SEG_Start
                0x00000000       0x64 HAL/7 segment/7_SEG.o
 .debug_info    0x00000000      0x158 HAL/7 segment/7_SEG.o
 .debug_abbrev  0x00000000       0xfd HAL/7 segment/7_SEG.o
 .debug_loc     0x00000000       0xae HAL/7 segment/7_SEG.o
 .debug_aranges
                0x00000000       0x28 HAL/7 segment/7_SEG.o
 .debug_ranges  0x00000000       0x18 HAL/7 segment/7_SEG.o
 .debug_line    0x00000000      0x166 HAL/7 segment/7_SEG.o
 .debug_str     0x00000000      0x1d2 HAL/7 segment/7_SEG.o
 .comment       0x00000000       0x31 HAL/7 segment/7_SEG.o
 .debug_frame   0x00000000       0x44 HAL/7 segment/7_SEG.o
 .text          0x00000000        0x0 HAL/DC_Motor/DC_Motor.o
 .data          0x00000000        0x0 HAL/DC_Motor/DC_Motor.o
 .bss           0x00000000        0x0 HAL/DC_Motor/DC_Motor.o
 .text.DC_Motor_Init
                0x00000000       0x20 HAL/DC_Motor/DC_Motor.o
 .text.DC_Motor_Move_Right
                0x00000000       0x16 HAL/DC_Motor/DC_Motor.o
 .text.DC_Motor_Move_Left
                0x00000000       0x16 HAL/DC_Motor/DC_Motor.o
 .text.DC_Motor_Stop
                0x00000000       0x16 HAL/DC_Motor/DC_Motor.o
 .debug_info    0x00000000      0x1fe HAL/DC_Motor/DC_Motor.o
 .debug_abbrev  0x00000000       0x92 HAL/DC_Motor/DC_Motor.o
 .debug_aranges
                0x00000000       0x38 HAL/DC_Motor/DC_Motor.o
 .debug_ranges  0x00000000       0x28 HAL/DC_Motor/DC_Motor.o
 .debug_line    0x00000000       0xca HAL/DC_Motor/DC_Motor.o
 .debug_str     0x00000000      0x1de HAL/DC_Motor/DC_Motor.o
 .comment       0x00000000       0x31 HAL/DC_Motor/DC_Motor.o
 .debug_frame   0x00000000       0x54 HAL/DC_Motor/DC_Motor.o
 .text          0x00000000        0x0 HAL/KeyPad_Driver/Keypad.o
 .data          0x00000000        0x0 HAL/KeyPad_Driver/Keypad.o
 .bss           0x00000000        0x0 HAL/KeyPad_Driver/Keypad.o
 .text          0x00000000        0x0 HAL/LCD_Driver/LCD.o
 .data          0x00000000        0x0 HAL/LCD_Driver/LCD.o
 .bss           0x00000000        0x0 HAL/LCD_Driver/LCD.o
 .text.LCD_Store_Customer_Char
                0x00000000       0x3e HAL/LCD_Driver/LCD.o
 .text.LCD_Display_Customer_Char
                0x00000000       0x16 HAL/LCD_Driver/LCD.o
 .text.LCD_Write_Number
                0x00000000       0xa0 HAL/LCD_Driver/LCD.o
 .text          0x00000000        0x0 HAL/Stepper_Motor/Stepper_Motor.o
 .data          0x00000000        0x0 HAL/Stepper_Motor/Stepper_Motor.o
 .bss           0x00000000        0x0 HAL/Stepper_Motor/Stepper_Motor.o
 .text.Stepper_Motor_Init
                0x00000000       0xc2 HAL/Stepper_Motor/Stepper_Motor.o
 .text.Stepper_Motor_GoForward
                0x00000000       0xea HAL/Stepper_Motor/Stepper_Motor.o
 .text.Stepper_Motor_GoBackward
                0x00000000       0xea HAL/Stepper_Motor/Stepper_Motor.o
 .text.Stepper_Motor_TurnOff
                0x00000000       0x2a HAL/Stepper_Motor/Stepper_Motor.o
 .debug_info    0x00000000      0x98e HAL/Stepper_Motor/Stepper_Motor.o
 .debug_abbrev  0x00000000      0x12e HAL/Stepper_Motor/Stepper_Motor.o
 .debug_loc     0x00000000      0x3f6 HAL/Stepper_Motor/Stepper_Motor.o
 .debug_aranges
                0x00000000       0x38 HAL/Stepper_Motor/Stepper_Motor.o
 .debug_ranges  0x00000000       0x28 HAL/Stepper_Motor/Stepper_Motor.o
 .debug_line    0x00000000      0x3b2 HAL/Stepper_Motor/Stepper_Motor.o
 .debug_str     0x00000000      0x24a HAL/Stepper_Motor/Stepper_Motor.o
 .comment       0x00000000       0x31 HAL/Stepper_Motor/Stepper_Motor.o
 .debug_frame   0x00000000       0x6c HAL/Stepper_Motor/Stepper_Motor.o
 .text          0x00000000        0x0 HAL/Ultrasonic/Ultrasonic_Prog.o
 .data          0x00000000        0x0 HAL/Ultrasonic/Ultrasonic_Prog.o
 .bss           0x00000000        0x0 HAL/Ultrasonic/Ultrasonic_Prog.o
 .text.Fun_OVF  0x00000000        0xc HAL/Ultrasonic/Ultrasonic_Prog.o
 .text.Fun_ICU  0x00000000       0x50 HAL/Ultrasonic/Ultrasonic_Prog.o
 .text.Ultrasonic_VoidInit
                0x00000000       0x26 HAL/Ultrasonic/Ultrasonic_Prog.o
 .text.Ultrasonic_VoidReadDistance
                0x00000000       0x90 HAL/Ultrasonic/Ultrasonic_Prog.o
 .bss.t2        0x00000000        0x2 HAL/Ultrasonic/Ultrasonic_Prog.o
 .bss.t1        0x00000000        0x2 HAL/Ultrasonic/Ultrasonic_Prog.o
 .bss.flag      0x00000000        0x1 HAL/Ultrasonic/Ultrasonic_Prog.o
 .bss.c2        0x00000000        0x1 HAL/Ultrasonic/Ultrasonic_Prog.o
 .bss.c1        0x00000000        0x1 HAL/Ultrasonic/Ultrasonic_Prog.o
 .bss.c         0x00000000        0x1 HAL/Ultrasonic/Ultrasonic_Prog.o
 .debug_info    0x00000000      0x398 HAL/Ultrasonic/Ultrasonic_Prog.o
 .debug_abbrev  0x00000000      0x1b4 HAL/Ultrasonic/Ultrasonic_Prog.o
 .debug_loc     0x00000000       0xce HAL/Ultrasonic/Ultrasonic_Prog.o
 .debug_aranges
                0x00000000       0x38 HAL/Ultrasonic/Ultrasonic_Prog.o
 .debug_ranges  0x00000000       0x28 HAL/Ultrasonic/Ultrasonic_Prog.o
 .debug_line    0x00000000      0x1fe HAL/Ultrasonic/Ultrasonic_Prog.o
 .debug_str     0x00000000      0x338 HAL/Ultrasonic/Ultrasonic_Prog.o
 .comment       0x00000000       0x31 HAL/Ultrasonic/Ultrasonic_Prog.o
 .debug_frame   0x00000000       0x60 HAL/Ultrasonic/Ultrasonic_Prog.o
 .text          0x00000000        0x0 main.o
 .data          0x00000000        0x0 main.o
 .bss           0x00000000        0x0 main.o
 .text          0x00000000        0x0 MCAL/ADC_Driver/ADC_Prog.o
 .data          0x00000000        0x0 MCAL/ADC_Driver/ADC_Prog.o
 .bss           0x00000000        0x0 MCAL/ADC_Driver/ADC_Prog.o
 .text.ADC_INIT
                0x00000000       0x1c MCAL/ADC_Driver/ADC_Prog.o
 .text.ADC_Start
                0x00000000        0xa MCAL/ADC_Driver/ADC_Prog.o
 .text.ADC_PollingSystem
                0x00000000        0xe MCAL/ADC_Driver/ADC_Prog.o
 .text.ADC_ReadHighValue
                0x00000000       0x1e MCAL/ADC_Driver/ADC_Prog.o
 .text.ADC_Read
                0x00000000       0x22 MCAL/ADC_Driver/ADC_Prog.o
 .text.ADC_CallBack
                0x00000000       0x18 MCAL/ADC_Driver/ADC_Prog.o
 .text.ADC_Select_Channel
                0x00000000       0x10 MCAL/ADC_Driver/ADC_Prog.o
 .text.ADC_Enable_Triggring_Mode
                0x00000000       0x40 MCAL/ADC_Driver/ADC_Prog.o
 .text.ADC_Disable_Triggring_Mode
                0x00000000        0xa MCAL/ADC_Driver/ADC_Prog.o
 .text.ADC_EnableInterruptMode
                0x00000000        0xa MCAL/ADC_Driver/ADC_Prog.o
 .text          0x00000000        0x0 MCAL/DIO_Driver/DIO.o
 .data          0x00000000        0x0 MCAL/DIO_Driver/DIO.o
 .bss           0x00000000        0x0 MCAL/DIO_Driver/DIO.o
 .text.DIO_Write_Port
                0x00000000       0x20 MCAL/DIO_Driver/DIO.o
 .text.DIO_Read
                0x00000000       0xc2 MCAL/DIO_Driver/DIO.o
 .text.DIO_Toggle_Pin
                0x00000000       0x68 MCAL/DIO_Driver/DIO.o
 .text.DIO_Toggle_Port
                0x00000000       0x30 MCAL/DIO_Driver/DIO.o
 .text          0x00000000        0x0 MCAL/EXTI_Driver/EXTI.o
 .data          0x00000000        0x0 MCAL/EXTI_Driver/EXTI.o
 .bss           0x00000000        0x0 MCAL/EXTI_Driver/EXTI.o
 .text.EXTI_Disable
                0x00000000       0x24 MCAL/EXTI_Driver/EXTI.o
 .text          0x00000000        0x0 MCAL/IIC_Driver/IIC_Prog.o
 .data          0x00000000        0x0 MCAL/IIC_Driver/IIC_Prog.o
 .bss           0x00000000        0x0 MCAL/IIC_Driver/IIC_Prog.o
 .text.IIC_MasterInit
                0x00000000       0x10 MCAL/IIC_Driver/IIC_Prog.o
 .text.IIC_SlaveInit
                0x00000000        0xe MCAL/IIC_Driver/IIC_Prog.o
 .text.IIC_StartCondition
                0x00000000       0x24 MCAL/IIC_Driver/IIC_Prog.o
 .text.IIC_SendSlaveAdress
                0x00000000       0x3a MCAL/IIC_Driver/IIC_Prog.o
 .text.IIC_MasterSendData
                0x00000000       0x20 MCAL/IIC_Driver/IIC_Prog.o
 .text.IIC_SlaveReceieveData
                0x00000000       0x2a MCAL/IIC_Driver/IIC_Prog.o
 .text.IIC_StopCondition
                0x00000000       0x16 MCAL/IIC_Driver/IIC_Prog.o
 .debug_info    0x00000000      0x1f4 MCAL/IIC_Driver/IIC_Prog.o
 .debug_abbrev  0x00000000       0xb2 MCAL/IIC_Driver/IIC_Prog.o
 .debug_loc     0x00000000       0x97 MCAL/IIC_Driver/IIC_Prog.o
 .debug_aranges
                0x00000000       0x50 MCAL/IIC_Driver/IIC_Prog.o
 .debug_ranges  0x00000000       0x40 MCAL/IIC_Driver/IIC_Prog.o
 .debug_line    0x00000000      0x1e3 MCAL/IIC_Driver/IIC_Prog.o
 .debug_str     0x00000000      0x225 MCAL/IIC_Driver/IIC_Prog.o
 .comment       0x00000000       0x31 MCAL/IIC_Driver/IIC_Prog.o
 .debug_frame   0x00000000       0x84 MCAL/IIC_Driver/IIC_Prog.o
 .text          0x00000000        0x0 MCAL/SPI_Driver/SPI.o
 .data          0x00000000        0x0 MCAL/SPI_Driver/SPI.o
 .bss           0x00000000        0x0 MCAL/SPI_Driver/SPI.o
 .text.MCAL_SPI_MasterSend_Data
                0x00000000       0x10 MCAL/SPI_Driver/SPI.o
 .text.MCAL_SPI_SlaveRecieve_Data
                0x00000000        0xa MCAL/SPI_Driver/SPI.o
 .text.MCAL_SPI_TX_RX
                0x00000000       0x12 MCAL/SPI_Driver/SPI.o
 .text.MCAL_SPI_Set_Pins_Master
                0x00000000        0x8 MCAL/SPI_Driver/SPI.o
 .text.MCAL_SPI_Init
                0x00000000       0x38 MCAL/SPI_Driver/SPI.o
 .text.MCAL_SPI_Set_Pins_SLAVE
                0x00000000        0x8 MCAL/SPI_Driver/SPI.o
 .debug_info    0x00000000      0x19e MCAL/SPI_Driver/SPI.o
 .debug_abbrev  0x00000000       0xe0 MCAL/SPI_Driver/SPI.o
 .debug_loc     0x00000000       0x6b MCAL/SPI_Driver/SPI.o
 .debug_aranges
                0x00000000       0x48 MCAL/SPI_Driver/SPI.o
 .debug_ranges  0x00000000       0x38 MCAL/SPI_Driver/SPI.o
 .debug_line    0x00000000      0x165 MCAL/SPI_Driver/SPI.o
 .debug_str     0x00000000      0x21c MCAL/SPI_Driver/SPI.o
 .comment       0x00000000       0x31 MCAL/SPI_Driver/SPI.o
 .debug_frame   0x00000000       0x74 MCAL/SPI_Driver/SPI.o
 .text          0x00000000        0x0 MCAL/TIMER0/Timer0_Prog.o
 .data          0x00000000        0x0 MCAL/TIMER0/Timer0_Prog.o
 .bss           0x00000000        0x0 MCAL/TIMER0/Timer0_Prog.o
 .text.Timer0_voidInit
                0x00000000       0x32 MCAL/TIMER0/Timer0_Prog.o
 .text.Timer0_voidPreload
                0x00000000        0x4 MCAL/TIMER0/Timer0_Prog.o
 .text.Timer0_voidSetCTCValue
                0x00000000        0x4 MCAL/TIMER0/Timer0_Prog.o
 .text.Timer0_voidGetCounterValue
                0x00000000        0x8 MCAL/TIMER0/Timer0_Prog.o
 .text.Timer0_voidEnableOVFInterrupt
                0x00000000        0x8 MCAL/TIMER0/Timer0_Prog.o
 .text.Timer0_voidDisableOVFInterrupt
                0x00000000        0x8 MCAL/TIMER0/Timer0_Prog.o
 .text.Timer0_voidEnableOCMInterrupt
                0x00000000        0x8 MCAL/TIMER0/Timer0_Prog.o
 .text.Timer0_voidDisableOCMInterrupt
                0x00000000        0x8 MCAL/TIMER0/Timer0_Prog.o
 .text.Timer0_voidOVFSetCallBack
                0x00000000        0xe MCAL/TIMER0/Timer0_Prog.o
 .text.Timer0_voidOCMSetCallBack
                0x00000000        0xe MCAL/TIMER0/Timer0_Prog.o
 .text.Timer0_voidOVFPollingOnFlag
                0x00000000        0xe MCAL/TIMER0/Timer0_Prog.o
 .text.Timer0_voidOCMPollingOnFlag
                0x00000000        0xe MCAL/TIMER0/Timer0_Prog.o
 .text.Timer0_voidSetDutyCycle
                0x00000000       0x18 MCAL/TIMER0/Timer0_Prog.o
 .text          0x00000000        0x0 MCAL/TIMER1/Timer1_Prog.o
 .data          0x00000000        0x0 MCAL/TIMER1/Timer1_Prog.o
 .bss           0x00000000        0x0 MCAL/TIMER1/Timer1_Prog.o
 .text.Timer1_voidSetOCACompareValue
                0x00000000        0x6 MCAL/TIMER1/Timer1_Prog.o
 .text.Timer1_voidSetOCBCompareValue
                0x00000000        0x6 MCAL/TIMER1/Timer1_Prog.o
 .text.Timer1_voidOC1ASetDutyCycle
                0x00000000       0x3e MCAL/TIMER1/Timer1_Prog.o
 .text.Timer1_voidOC1BSetDutyCycle
                0x00000000       0x3e MCAL/TIMER1/Timer1_Prog.o
 .text.Timer1_voidGetCounterValue
                0x00000000       0x10 MCAL/TIMER1/Timer1_Prog.o
 .text.Timer1_voidEnableNoiseCanceler
                0x00000000        0x8 MCAL/TIMER1/Timer1_Prog.o
 .text.Timer1_voidDisableNoiseCanceler
                0x00000000        0x8 MCAL/TIMER1/Timer1_Prog.o
 .text.Timer1_voidICEdgeSelect
                0x00000000       0x1a MCAL/TIMER1/Timer1_Prog.o
 .text.Timer1_voidGetCapturedValue
                0x00000000       0x10 MCAL/TIMER1/Timer1_Prog.o
 .text.Timer1_PWM_Freq_KHz
                0x00000000       0x24 MCAL/TIMER1/Timer1_Prog.o
 .text.Timer1_PWM_Freq_Hz
                0x00000000       0x2c MCAL/TIMER1/Timer1_Prog.o
 .text.Timer1_PWM_Duty
                0x00000000       0x34 MCAL/TIMER1/Timer1_Prog.o
 .text.Timer1_voidOVFEnableInterrupt
                0x00000000        0x8 MCAL/TIMER1/Timer1_Prog.o
 .text.Timer1_voidOVFDisableInterrupt
                0x00000000        0x8 MCAL/TIMER1/Timer1_Prog.o
 .text.Timer1_voidOCADisableInterrupt
                0x00000000        0x8 MCAL/TIMER1/Timer1_Prog.o
 .text.Timer1_voidOCBEnableInterrupt
                0x00000000        0x8 MCAL/TIMER1/Timer1_Prog.o
 .text.Timer1_voidOCBDisableInterrupt
                0x00000000        0x8 MCAL/TIMER1/Timer1_Prog.o
 .text.Timer1_voidCaptureEventEnableInterrupt
                0x00000000        0x8 MCAL/TIMER1/Timer1_Prog.o
 .text.Timer1_voidCaptureEventDisableInterrupt
                0x00000000        0x8 MCAL/TIMER1/Timer1_Prog.o
 .text.Timer1_voidOVFPollingOnFlag
                0x00000000        0xe MCAL/TIMER1/Timer1_Prog.o
 .text.Timer1_voidOCAPollingOnFlag
                0x00000000        0xe MCAL/TIMER1/Timer1_Prog.o
 .text.Timer1_voidOCBPollingOnFlag
                0x00000000        0xe MCAL/TIMER1/Timer1_Prog.o
 .text.Timer1_voidCaptureEventPollingOnFlag
                0x00000000        0xe MCAL/TIMER1/Timer1_Prog.o
 .text.Timer1_voidOVFSetCallBack
                0x00000000        0xe MCAL/TIMER1/Timer1_Prog.o
 .text.Timer1_voidOCBSetCallBack
                0x00000000        0xe MCAL/TIMER1/Timer1_Prog.o
 .text.Timer1_voidCaptureEventSetCallBack
                0x00000000        0xe MCAL/TIMER1/Timer1_Prog.o
 .text.Timer1_voidResetPrescaler
                0x00000000        0x8 MCAL/TIMER1/Timer1_Prog.o
 .text          0x00000000        0x0 MCAL/USART_Driver/USART.o
 .data          0x00000000        0x0 MCAL/USART_Driver/USART.o
 .bss           0x00000000        0x0 MCAL/USART_Driver/USART.o
 .text.USART_Init
                0x00000000       0x22 MCAL/USART_Driver/USART.o
 .text.USART_Send_Char
                0x00000000        0xa MCAL/USART_Driver/USART.o
 .text.USART_Recieve_Char
                0x00000000       0x16 MCAL/USART_Driver/USART.o
 .text.USAERT_Send_STRING
                0x00000000       0x22 MCAL/USART_Driver/USART.o
 .text.USAERT_Recieve_STRING
                0x00000000       0x32 MCAL/USART_Driver/USART.o
 .debug_info    0x00000000      0x1da MCAL/USART_Driver/USART.o
 .debug_abbrev  0x00000000      0x126 MCAL/USART_Driver/USART.o
 .debug_loc     0x00000000      0x1a8 MCAL/USART_Driver/USART.o
 .debug_aranges
                0x00000000       0x40 MCAL/USART_Driver/USART.o
 .debug_ranges  0x00000000       0x30 MCAL/USART_Driver/USART.o
 .debug_line    0x00000000      0x182 MCAL/USART_Driver/USART.o
 .debug_str     0x00000000      0x232 MCAL/USART_Driver/USART.o
 .comment       0x00000000       0x31 MCAL/USART_Driver/USART.o
 .debug_frame   0x00000000       0x80 MCAL/USART_Driver/USART.o
 .text          0x00000000        0x0 c:/program files (x86)/atmel/studio/7.0/toolchain/avr8/avr8-gnu-toolchain/bin/../lib/gcc/avr/5.4.0/avr5\libgcc.a(_udivmodhi4.o)
 .data          0x00000000        0x0 c:/program files (x86)/atmel/studio/7.0/toolchain/avr8/avr8-gnu-toolchain/bin/../lib/gcc/avr/5.4.0/avr5\libgcc.a(_udivmodhi4.o)
 .bss           0x00000000        0x0 c:/program files (x86)/atmel/studio/7.0/toolchain/avr8/avr8-gnu-toolchain/bin/../lib/gcc/avr/5.4.0/avr5\libgcc.a(_udivmodhi4.o)
 .text.libgcc.mul
                0x00000000        0x0 c:/program files (x86)/atmel/studio/7.0/toolchain/avr8/avr8-gnu-toolchain/bin/../lib/gcc/avr/5.4.0/avr5\libgcc.a(_udivmodhi4.o)
 .text.libgcc.div
                0x00000000       0x28 c:/program files (x86)/atmel/studio/7.0/toolchain/avr8/avr8-gnu-toolchain/bin/../lib/gcc/avr/5.4.0/avr5\libgcc.a(_udivmodhi4.o)
 .text.libgcc   0x00000000        0x0 c:/program files (x86)/atmel/studio/7.0/toolchain/avr8/avr8-gnu-toolchain/bin/../lib/gcc/avr/5.4.0/avr5\libgcc.a(_udivmodhi4.o)
 .text.libgcc.prologue
                0x00000000        0x0 c:/program files (x86)/atmel/studio/7.0/toolchain/avr8/avr8-gnu-toolchain/bin/../lib/gcc/avr/5.4.0/avr5\libgcc.a(_udivmodhi4.o)
 .text.libgcc.builtins
                0x00000000        0x0 c:/program files (x86)/atmel/studio/7.0/toolchain/avr8/avr8-gnu-toolchain/bin/../lib/gcc/avr/5.4.0/avr5\libgcc.a(_udivmodhi4.o)
 .text.libgcc.fmul
                0x00000000        0x0 c:/program files (x86)/atmel/studio/7.0/toolchain/avr8/avr8-gnu-toolchain/bin/../lib/gcc/avr/5.4.0/avr5\libgcc.a(_udivmodhi4.o)
 .text.libgcc.fixed
                0x00000000        0x0 c:/program files (x86)/atmel/studio/7.0/toolchain/avr8/avr8-gnu-toolchain/bin/../lib/gcc/avr/5.4.0/avr5\libgcc.a(_udivmodhi4.o)
 .text          0x00000000        0x0 c:/program files (x86)/atmel/studio/7.0/toolchain/avr8/avr8-gnu-toolchain/bin/../lib/gcc/avr/5.4.0/avr5\libgcc.a(_udivmodsi4.o)
 .data          0x00000000        0x0 c:/program files (x86)/atmel/studio/7.0/toolchain/avr8/avr8-gnu-toolchain/bin/../lib/gcc/avr/5.4.0/avr5\libgcc.a(_udivmodsi4.o)
 .bss           0x00000000        0x0 c:/program files (x86)/atmel/studio/7.0/toolchain/avr8/avr8-gnu-toolchain/bin/../lib/gcc/avr/5.4.0/avr5\libgcc.a(_udivmodsi4.o)
 .text.libgcc.mul
                0x00000000        0x0 c:/program files (x86)/atmel/studio/7.0/toolchain/avr8/avr8-gnu-toolchain/bin/../lib/gcc/avr/5.4.0/avr5\libgcc.a(_udivmodsi4.o)
 .text.libgcc.div
                0x00000000       0x44 c:/program files (x86)/atmel/studio/7.0/toolchain/avr8/avr8-gnu-toolchain/bin/../lib/gcc/avr/5.4.0/avr5\libgcc.a(_udivmodsi4.o)
 .text.libgcc   0x00000000        0x0 c:/program files (x86)/atmel/studio/7.0/toolchain/avr8/avr8-gnu-toolchain/bin/../lib/gcc/avr/5.4.0/avr5\libgcc.a(_udivmodsi4.o)
 .text.libgcc.prologue
                0x00000000        0x0 c:/program files (x86)/atmel/studio/7.0/toolchain/avr8/avr8-gnu-toolchain/bin/../lib/gcc/avr/5.4.0/avr5\libgcc.a(_udivmodsi4.o)
 .text.libgcc.builtins
                0x00000000        0x0 c:/program files (x86)/atmel/studio/7.0/toolchain/avr8/avr8-gnu-toolchain/bin/../lib/gcc/avr/5.4.0/avr5\libgcc.a(_udivmodsi4.o)
 .text.libgcc.fmul
                0x00000000        0x0 c:/program files (x86)/atmel/studio/7.0/toolchain/avr8/avr8-gnu-toolchain/bin/../lib/gcc/avr/5.4.0/avr5\libgcc.a(_udivmodsi4.o)
 .text.libgcc.fixed
                0x00000000        0x0 c:/program files (x86)/atmel/studio/7.0/toolchain/avr8/avr8-gnu-toolchain/bin/../lib/gcc/avr/5.4.0/avr5\libgcc.a(_udivmodsi4.o)
 .text          0x00000000        0x0 c:/program files (x86)/atmel/studio/7.0/toolchain/avr8/avr8-gnu-toolchain/bin/../lib/gcc/avr/5.4.0/avr5\libgcc.a(_exit.o)
 .data          0x00000000        0x0 c:/program files (x86)/atmel/studio/7.0/toolchain/avr8/avr8-gnu-toolchain/bin/../lib/gcc/avr/5.4.0/avr5\libgcc.a(_exit.o)
 .bss           0x00000000        0x0 c:/program files (x86)/atmel/studio/7.0/toolchain/avr8/avr8-gnu-toolchain/bin/../lib/gcc/avr/5.4.0/avr5\libgcc.a(_exit.o)
 .text.libgcc.mul
                0x00000000        0x0 c:/program files (x86)/atmel/studio/7.0/toolchain/avr8/avr8-gnu-toolchain/bin/../lib/gcc/avr/5.4.0/avr5\libgcc.a(_exit.o)
 .text.libgcc.div
                0x00000000        0x0 c:/program files (x86)/atmel/studio/7.0/toolchain/avr8/avr8-gnu-toolchain/bin/../lib/gcc/avr/5.4.0/avr5\libgcc.a(_exit.o)
 .text.libgcc   0x00000000        0x0 c:/program files (x86)/atmel/studio/7.0/toolchain/avr8/avr8-gnu-toolchain/bin/../lib/gcc/avr/5.4.0/avr5\libgcc.a(_exit.o)
 .text.libgcc.prologue
                0x00000000        0x0 c:/program files (x86)/atmel/studio/7.0/toolchain/avr8/avr8-gnu-toolchain/bin/../lib/gcc/avr/5.4.0/avr5\libgcc.a(_exit.o)
 .text.libgcc.builtins
                0x00000000        0x0 c:/program files (x86)/atmel/studio/7.0/toolchain/avr8/avr8-gnu-toolchain/bin/../lib/gcc/avr/5.4.0/avr5\libgcc.a(_exit.o)
 .text.libgcc.fmul
                0x00000000        0x0 c:/program files (x86)/atmel/studio/7.0/toolchain/avr8/avr8-gnu-toolchain/bin/../lib/gcc/avr/5.4.0/avr5\libgcc.a(_exit.o)
 .text.libgcc.fixed
                0x00000000        0x0 c:/program files (x86)/atmel/studio/7.0/toolchain/avr8/avr8-gnu-toolchain/bin/../lib/gcc/avr/5.4.0/avr5\libgcc.a(_exit.o)
 .text          0x00000000        0x0 c:/program files (x86)/atmel/studio/7.0/toolchain/avr8/avr8-gnu-toolchain/bin/../lib/gcc/avr/5.4.0/avr5\libgcc.a(_copy_data.o)
 .data          0x00000000        0x0 c:/program files (x86)/atmel/studio/7.0/toolchain/avr8/avr8-gnu-toolchain/bin/../lib/gcc/avr/5.4.0/avr5\libgcc.a(_copy_data.o)
 .bss           0x00000000        0x0 c:/program files (x86)/atmel/studio/7.0/toolchain/avr8/avr8-gnu-toolchain/bin/../lib/gcc/avr/5.4.0/avr5\libgcc.a(_copy_data.o)
 .text.libgcc.mul
                0x00000000        0x0 c:/program files (x86)/atmel/studio/7.0/toolchain/avr8/avr8-gnu-toolchain/bin/../lib/gcc/avr/5.4.0/avr5\libgcc.a(_copy_data.o)
 .text.libgcc.div
                0x00000000        0x0 c:/program files (x86)/atmel/studio/7.0/toolchain/avr8/avr8-gnu-toolchain/bin/../lib/gcc/avr/5.4.0/avr5\libgcc.a(_copy_data.o)
 .text.libgcc   0x00000000        0x0 c:/program files (x86)/atmel/studio/7.0/toolchain/avr8/avr8-gnu-toolchain/bin/../lib/gcc/avr/5.4.0/avr5\libgcc.a(_copy_data.o)
 .text.libgcc.prologue
                0x00000000        0x0 c:/program files (x86)/atmel/studio/7.0/toolchain/avr8/avr8-gnu-toolchain/bin/../lib/gcc/avr/5.4.0/avr5\libgcc.a(_copy_data.o)
 .text.libgcc.builtins
                0x00000000        0x0 c:/program files (x86)/atmel/studio/7.0/toolchain/avr8/avr8-gnu-toolchain/bin/../lib/gcc/avr/5.4.0/avr5\libgcc.a(_copy_data.o)
 .text.libgcc.fmul
                0x00000000        0x0 c:/program files (x86)/atmel/studio/7.0/toolchain/avr8/avr8-gnu-toolchain/bin/../lib/gcc/avr/5.4.0/avr5\libgcc.a(_copy_data.o)
 .text.libgcc.fixed
                0x00000000        0x0 c:/program files (x86)/atmel/studio/7.0/toolchain/avr8/avr8-gnu-toolchain/bin/../lib/gcc/avr/5.4.0/avr5\libgcc.a(_copy_data.o)
 .text          0x00000000        0x0 c:/program files (x86)/atmel/studio/7.0/toolchain/avr8/avr8-gnu-toolchain/bin/../lib/gcc/avr/5.4.0/avr5\libgcc.a(_clear_bss.o)
 .data          0x00000000        0x0 c:/program files (x86)/atmel/studio/7.0/toolchain/avr8/avr8-gnu-toolchain/bin/../lib/gcc/avr/5.4.0/avr5\libgcc.a(_clear_bss.o)
 .bss           0x00000000        0x0 c:/program files (x86)/atmel/studio/7.0/toolchain/avr8/avr8-gnu-toolchain/bin/../lib/gcc/avr/5.4.0/avr5\libgcc.a(_clear_bss.o)
 .text.libgcc.mul
                0x00000000        0x0 c:/program files (x86)/atmel/studio/7.0/toolchain/avr8/avr8-gnu-toolchain/bin/../lib/gcc/avr/5.4.0/avr5\libgcc.a(_clear_bss.o)
 .text.libgcc.div
                0x00000000        0x0 c:/program files (x86)/atmel/studio/7.0/toolchain/avr8/avr8-gnu-toolchain/bin/../lib/gcc/avr/5.4.0/avr5\libgcc.a(_clear_bss.o)
 .text.libgcc   0x00000000        0x0 c:/program files (x86)/atmel/studio/7.0/toolchain/avr8/avr8-gnu-toolchain/bin/../lib/gcc/avr/5.4.0/avr5\libgcc.a(_clear_bss.o)
 .text.libgcc.prologue
                0x00000000        0x0 c:/program files (x86)/atmel/studio/7.0/toolchain/avr8/avr8-gnu-toolchain/bin/../lib/gcc/avr/5.4.0/avr5\libgcc.a(_clear_bss.o)
 .text.libgcc.builtins
                0x00000000        0x0 c:/program files (x86)/atmel/studio/7.0/toolchain/avr8/avr8-gnu-toolchain/bin/../lib/gcc/avr/5.4.0/avr5\libgcc.a(_clear_bss.o)
 .text.libgcc.fmul
                0x00000000        0x0 c:/program files (x86)/atmel/studio/7.0/toolchain/avr8/avr8-gnu-toolchain/bin/../lib/gcc/avr/5.4.0/avr5\libgcc.a(_clear_bss.o)
 .text.libgcc.fixed
                0x00000000        0x0 c:/program files (x86)/atmel/studio/7.0/toolchain/avr8/avr8-gnu-toolchain/bin/../lib/gcc/avr/5.4.0/avr5\libgcc.a(_clear_bss.o)
 .text          0x00000000        0x0 c:/program files (x86)/atmel/studio/7.0/toolchain/avr8/avr8-gnu-toolchain/bin/../lib/gcc/avr/5.4.0/avr5\libgcc.a(_umulhisi3.o)
 .data          0x00000000        0x0 c:/program files (x86)/atmel/studio/7.0/toolchain/avr8/avr8-gnu-toolchain/bin/../lib/gcc/avr/5.4.0/avr5\libgcc.a(_umulhisi3.o)
 .bss           0x00000000        0x0 c:/program files (x86)/atmel/studio/7.0/toolchain/avr8/avr8-gnu-toolchain/bin/../lib/gcc/avr/5.4.0/avr5\libgcc.a(_umulhisi3.o)
 .text.libgcc.mul
                0x00000000       0x1e c:/program files (x86)/atmel/studio/7.0/toolchain/avr8/avr8-gnu-toolchain/bin/../lib/gcc/avr/5.4.0/avr5\libgcc.a(_umulhisi3.o)
 .text.libgcc.div
                0x00000000        0x0 c:/program files (x86)/atmel/studio/7.0/toolchain/avr8/avr8-gnu-toolchain/bin/../lib/gcc/avr/5.4.0/avr5\libgcc.a(_umulhisi3.o)
 .text.libgcc   0x00000000        0x0 c:/program files (x86)/atmel/studio/7.0/toolchain/avr8/avr8-gnu-toolchain/bin/../lib/gcc/avr/5.4.0/avr5\libgcc.a(_umulhisi3.o)
 .text.libgcc.prologue
                0x00000000        0x0 c:/program files (x86)/atmel/studio/7.0/toolchain/avr8/avr8-gnu-toolchain/bin/../lib/gcc/avr/5.4.0/avr5\libgcc.a(_umulhisi3.o)
 .text.libgcc.builtins
                0x00000000        0x0 c:/program files (x86)/atmel/studio/7.0/toolchain/avr8/avr8-gnu-toolchain/bin/../lib/gcc/avr/5.4.0/avr5\libgcc.a(_umulhisi3.o)
 .text.libgcc.fmul
                0x00000000        0x0 c:/program files (x86)/atmel/studio/7.0/toolchain/avr8/avr8-gnu-toolchain/bin/../lib/gcc/avr/5.4.0/avr5\libgcc.a(_umulhisi3.o)
 .text.libgcc.fixed
                0x00000000        0x0 c:/program files (x86)/atmel/studio/7.0/toolchain/avr8/avr8-gnu-toolchain/bin/../lib/gcc/avr/5.4.0/avr5\libgcc.a(_umulhisi3.o)

Memory Configuration

Name             Origin             Length             Attributes
text             0x00000000         0x00008000         xr
data             0x00800060         0x00000800         rw !x
eeprom           0x00810000         0x00000400         rw !x
fuse             0x00820000         0x00000002         rw !x
lock             0x00830000         0x00000400         rw !x
signature        0x00840000         0x00000400         rw !x
user_signatures  0x00850000         0x00000400         rw !x
*default*        0x00000000         0xffffffff

Linker script and memory map

LOAD C:/Program Files (x86)/Atmel/Studio/7.0/Packs/atmel/ATmega_DFP/1.7.374/gcc/dev/atmega32a/avr5/crtatmega32a.o
LOAD HAL/7 segment/7_SEG.o
LOAD HAL/DC_Motor/DC_Motor.o
LOAD HAL/KeyPad_Driver/Keypad.o
LOAD HAL/LCD_Driver/LCD.o
LOAD HAL/Stepper_Motor/Stepper_Motor.o
LOAD HAL/Ultrasonic/Ultrasonic_Prog.o
LOAD main.o
LOAD MCAL/ADC_Driver/ADC_Prog.o
LOAD MCAL/DIO_Driver/DIO.o
LOAD MCAL/EXTI_Driver/EXTI.o
LOAD MCAL/IIC_Driver/IIC_Prog.o
LOAD MCAL/SPI_Driver/SPI.o
LOAD MCAL/TIMER0/Timer0_Prog.o
LOAD MCAL/TIMER1/Timer1_Prog.o
LOAD MCAL/USART_Driver/USART.o
START GROUP
LOAD c:/program files (x86)/atmel/studio/7.0/toolchain/avr8/avr8-gnu-toolchain/bin/../lib/gcc/avr/5.4.0/../../../../avr/lib/avr5\libm.a
END GROUP
START GROUP
LOAD c:/program files (x86)/atmel/studio/7.0/toolchain/avr8/avr8-gnu-toolchain/bin/../lib/gcc/avr/5.4.0/avr5\libgcc.a
LOAD c:/program files (x86)/atmel/studio/7.0/toolchain/avr8/avr8-gnu-toolchain/bin/../lib/gcc/avr/5.4.0/../../../../avr/lib/avr5\libm.a
LOAD c:/program files (x86)/atmel/studio/7.0/toolchain/avr8/avr8-gnu-toolchain/bin/../lib/gcc/avr/5.4.0/../../../../avr/lib/avr5\libc.a
LOAD C:/Program Files (x86)/Atmel/Studio/7.0/Packs/atmel/ATmega_DFP/1.7.374/gcc/dev/atmega32a/avr5\libatmega32a.a
END GROUP
                [0x00000000]                __TEXT_REGION_ORIGIN__ = DEFINED (__TEXT_REGION_ORIGIN__)?__TEXT_REGION_ORIGIN__:0x0
                [0x00800060]                __DATA_REGION_ORIGIN__ = DEFINED (__DATA_REGION_ORIGIN__)?__DATA_REGION_ORIGIN__:0x800060
                [0x00008000]                __TEXT_REGION_LENGTH__ = DEFINED (__TEXT_REGION_LENGTH__)?__TEXT_REGION_LENGTH__:0x20000
                [0x00000800]                __DATA_REGION_LENGTH__ = DEFINED (__DATA_REGION_LENGTH__)?__DATA_REGION_LENGTH__:0xffa0
                [0x00000400]                __EEPROM_REGION_LENGTH__ = DEFINED (__EEPROM_REGION_LENGTH__)?__EEPROM_REGION_LENGTH__:0x10000
                [0x00000002]                __FUSE_REGION_LENGTH__ = DEFINED (__FUSE_REGION_LENGTH__)?__FUSE_REGION_LENGTH__:0x400
                0x00000400                __LOCK_REGION_LENGTH__ = DEFINED (__LOCK_REGION_LENGTH__)?__LOCK_REGION_LENGTH__:0x400
                0x00000400                __SIGNATURE_REGION_LENGTH__ = DEFINED (__SIGNATURE_REGION_LENGTH__)?__SIGNATURE_REGION_LENGTH__:0x400
                0x00000400                __USER_SIGNATURE_REGION_LENGTH__ = DEFINED (__USER_SIGNATURE_REGION_LENGTH__)?__USER_SIGNATURE_REGION_LENGTH__:0x400

.hash
 *(.hash)

.dynsym
 *(.dynsym)

.dynstr
 *(.dynstr)

.gnu.version
 *(.gnu.version)

.gnu.version_d
 *(.gnu.version_d)

.gnu.version_r
 *(.gnu.version_r)

.rel.init
 *(.rel.init)

.rela.init
 *(.rela.init)

.rel.text
 *(.rel.text)
 *(.rel.text.*)
 *(.rel.gnu.linkonce.t*)

.rela.text
 *(.rela.text)
 *(.rela.text.*)
 *(.rela.gnu.linkonce.t*)

.rel.fini
 *(.rel.fini)

.rela.fini
 *(.rela.fini)

.rel.rodata
 *(.rel.rodata)
 *(.rel.rodata.*)
 *(.rel.gnu.linkonce.r*)

.rela.rodata
 *(.rela.rodata)
 *(.rela.rodata.*)
 *(.rela.gnu.linkonce.r*)

.rel.data
 *(.rel.data)
 *(.rel.data.*)
 *(.rel.gnu.linkonce.d*)

.rela.data
 *(.rela.data)
 *(.rela.data.*)
 *(.rela.gnu.linkonce.d*)

.rel.ctors
 *(.rel.ctors)

.rela.ctors
 *(.rela.ctors)

.rel.dtors
 *(.rel.dtors)

.rela.dtors
 *(.rela.dtors)

.rel.got
 *(.rel.got)

.rela.got
 *(.rela.got)

.rel.bss
 *(.rel.bss)

.rela.bss
 *(.rela.bss)

.rel.plt
 *(.rel.plt)

.rela.plt
 *(.rela.plt)

.text           0x00000000      0xf42
 *(.vectors)
 .vectors       0x00000000       0x54 C:/Program Files (x86)/Atmel/Studio/7.0/Packs/atmel/ATmega_DFP/1.7.374/gcc/dev/atmega32a/avr5/crtatmega32a.o
                0x00000000                __vector_default
                0x00000000                __vectors
 *(.vectors)
 *(.progmem.gcc*)
                0x00000054                . = ALIGN (0x2)
                0x00000054                __trampolines_start = .
 *(.trampolines)
 .trampolines   0x00000054        0x0 linker stubs
 *(.trampolines*)
                0x00000054                __trampolines_end = .
 *libprintf_flt.a:*(.progmem.data)
 *libc.a:*(.progmem.data)
 *(.progmem*)
                0x00000054                . = ALIGN (0x2)
 *(.jumptables)
 *(.jumptables*)
 *(.lowtext)
 *(.lowtext*)
                0x00000054                __ctors_start = .
 *(.ctors)
                0x00000054                __ctors_end = .
                0x00000054                __dtors_start = .
 *(.dtors)
                0x00000054                __dtors_end = .
 SORT(*)(.ctors)
 SORT(*)(.dtors)
 *(.init0)
 .init0         0x00000054        0x0 C:/Program Files (x86)/Atmel/Studio/7.0/Packs/atmel/ATmega_DFP/1.7.374/gcc/dev/atmega32a/avr5/crtatmega32a.o
                0x00000054                __init
 *(.init0)
 *(.init1)
 *(.init1)
 *(.init2)
 .init2         0x00000054        0xc C:/Program Files (x86)/Atmel/Studio/7.0/Packs/atmel/ATmega_DFP/1.7.374/gcc/dev/atmega32a/avr5/crtatmega32a.o
 *(.init2)
 *(.init3)
 *(.init3)
 *(.init4)
 .init4         0x00000060       0x16 c:/program files (x86)/atmel/studio/7.0/toolchain/avr8/avr8-gnu-toolchain/bin/../lib/gcc/avr/5.4.0/avr5\libgcc.a(_copy_data.o)
                0x00000060                __do_copy_data
 .init4         0x00000076       0x10 c:/program files (x86)/atmel/studio/7.0/toolchain/avr8/avr8-gnu-toolchain/bin/../lib/gcc/avr/5.4.0/avr5\libgcc.a(_clear_bss.o)
                0x00000076                __do_clear_bss
 *(.init4)
 *(.init5)
 *(.init5)
 *(.init6)
 *(.init6)
 *(.init7)
 *(.init7)
 *(.init8)
 *(.init8)
 *(.init9)
 .init9         0x00000086        0x8 C:/Program Files (x86)/Atmel/Studio/7.0/Packs/atmel/ATmega_DFP/1.7.374/gcc/dev/atmega32a/avr5/crtatmega32a.o
 *(.init9)
 *(.text)
 .text          0x0000008e        0x4 C:/Program Files (x86)/Atmel/Studio/7.0/Packs/atmel/ATmega_DFP/1.7.374/gcc/dev/atmega32a/avr5/crtatmega32a.o
                0x0000008e                __vector_12
                0x0000008e                __bad_interrupt
                0x0000008e                __vector_13
                0x0000008e                __vector_17
                0x0000008e                __vector_19
                0x0000008e                __vector_5
                0x0000008e                __vector_4
                0x0000008e                __vector_15
                0x0000008e                __vector_14
                0x0000008e                __vector_18
                0x0000008e                __vector_20
                0x00000092                . = ALIGN (0x2)
 *(.text.*)
 .text.KeYPad_Init
                0x00000092        0xa HAL/KeyPad_Driver/Keypad.o
                0x00000092                KeYPad_Init
 .text.KeyPAd_Scan
                0x0000009c      0x13a HAL/KeyPad_Driver/Keypad.o
                0x0000009c                KeyPAd_Scan
 .text.LCD_Enable
                0x000001d6       0x28 HAL/LCD_Driver/LCD.o
                0x000001d6                LCD_Enable
 .text.LCD_Wirte_Cmd
                0x000001fe       0x62 HAL/LCD_Driver/LCD.o
                0x000001fe                LCD_Wirte_Cmd
 .text.LCD_Clear_Screen
                0x00000260        0x8 HAL/LCD_Driver/LCD.o
                0x00000260                LCD_Clear_Screen
 .text.LCD_Init
                0x00000268       0xc0 HAL/LCD_Driver/LCD.o
                0x00000268                LCD_Init
 .text.Lcd_Write_Char
                0x00000328       0x4e HAL/LCD_Driver/LCD.o
                0x00000328                Lcd_Write_Char
 .text.LCD_GO_TO_INDEX
                0x00000376       0x1a HAL/LCD_Driver/LCD.o
                0x00000376                LCD_GO_TO_INDEX
 .text.LCD_Write_String
                0x00000390       0x8a HAL/LCD_Driver/LCD.o
                0x00000390                LCD_Write_String
 .text.funa     0x0000041a        0xc main.o
                0x0000041a                funa
 .text.Fun_Exti
                0x00000426        0xe main.o
                0x00000426                Fun_Exti
 .text.main     0x00000434      0x426 main.o
                0x00000434                main
 .text.__vector_16
                0x0000085a       0x5a MCAL/ADC_Driver/ADC_Prog.o
                0x0000085a                __vector_16
 .text.DIO_Write_Pin_Dir
                0x000008b4       0xea MCAL/DIO_Driver/DIO.o
                0x000008b4                DIO_Write_Pin_Dir
 .text.DIO_Write_Port_Dir
                0x0000099e       0x48 MCAL/DIO_Driver/DIO.o
                0x0000099e                DIO_Write_Port_Dir
 .text.DIO_Write_Pin
                0x000009e6       0xea MCAL/DIO_Driver/DIO.o
                0x000009e6                DIO_Write_Pin
 .text.EXI_SetCallBack
                0x00000ad0       0x2a MCAL/EXTI_Driver/EXTI.o
                0x00000ad0                EXI_SetCallBack
 .text.EXTI_Enable
                0x00000afa       0x24 MCAL/EXTI_Driver/EXTI.o
                0x00000afa                EXTI_Enable
 .text.EXTI_TriggerEdge
                0x00000b1e       0xc0 MCAL/EXTI_Driver/EXTI.o
                0x00000b1e                EXTI_TriggerEdge
 .text.__vector_1
                0x00000bde       0x52 MCAL/EXTI_Driver/EXTI.o
                0x00000bde                __vector_1
 .text.__vector_2
                0x00000c30       0x52 MCAL/EXTI_Driver/EXTI.o
                0x00000c30                __vector_2
 .text.__vector_3
                0x00000c82       0x52 MCAL/EXTI_Driver/EXTI.o
                0x00000c82                __vector_3
 .text.__vector_10
                0x00000cd4       0x52 MCAL/TIMER0/Timer0_Prog.o
                0x00000cd4                __vector_10
 .text.__vector_11
                0x00000d26       0x52 MCAL/TIMER0/Timer0_Prog.o
                0x00000d26                __vector_11
 .text.Timer1_voidInit
                0x00000d78       0x56 MCAL/TIMER1/Timer1_Prog.o
                0x00000d78                Timer1_voidInit
 .text.Timer1_voidPreload
                0x00000dce        0x6 MCAL/TIMER1/Timer1_Prog.o
                0x00000dce                Timer1_voidPreload
 .text.Timer1_voidSetCounterTOP
                0x00000dd4        0xc MCAL/TIMER1/Timer1_Prog.o
                0x00000dd4                Timer1_voidSetCounterTOP
 .text.Timer1_voidOCAEnableInterrupt
                0x00000de0        0x8 MCAL/TIMER1/Timer1_Prog.o
                0x00000de0                Timer1_voidOCAEnableInterrupt
 .text.Timer1_voidOCASetCallBack
                0x00000de8        0xe MCAL/TIMER1/Timer1_Prog.o
                0x00000de8                Timer1_voidOCASetCallBack
 .text.__vector_9
                0x00000df6       0x52 MCAL/TIMER1/Timer1_Prog.o
                0x00000df6                __vector_9
 .text.__vector_8
                0x00000e48       0x52 MCAL/TIMER1/Timer1_Prog.o
                0x00000e48                __vector_8
 .text.__vector_7
                0x00000e9a       0x52 MCAL/TIMER1/Timer1_Prog.o
                0x00000e9a                __vector_7
 .text.__vector_6
                0x00000eec       0x52 MCAL/TIMER1/Timer1_Prog.o
                0x00000eec                __vector_6
                0x00000f3e                . = ALIGN (0x2)
 *(.fini9)
 .fini9         0x00000f3e        0x0 c:/program files (x86)/atmel/studio/7.0/toolchain/avr8/avr8-gnu-toolchain/bin/../lib/gcc/avr/5.4.0/avr5\libgcc.a(_exit.o)
                0x00000f3e                _exit
                0x00000f3e                exit
 *(.fini9)
 *(.fini8)
 *(.fini8)
 *(.fini7)
 *(.fini7)
 *(.fini6)
 *(.fini6)
 *(.fini5)
 *(.fini5)
 *(.fini4)
 *(.fini4)
 *(.fini3)
 *(.fini3)
 *(.fini2)
 *(.fini2)
 *(.fini1)
 *(.fini1)
 *(.fini0)
 .fini0         0x00000f3e        0x4 c:/program files (x86)/atmel/studio/7.0/toolchain/avr8/avr8-gnu-toolchain/bin/../lib/gcc/avr/5.4.0/avr5\libgcc.a(_exit.o)
 *(.fini0)
                0x00000f42                _etext = .

.data           0x00800060       0x54 load address 0x00000f42
                0x00800060                PROVIDE (__data_start, .)
 *(.data)
 *(.data*)
 .data.array    0x00800060        0xa main.o
                0x00800060                array
 *(.gnu.linkonce.d*)
 *(.rodata)
 *(.rodata*)
 .rodata.str1.1
                0x0080006a       0x4a main.o
 *(.gnu.linkonce.r*)
                0x008000b4                . = ALIGN (0x2)
                0x008000b4                _edata = .
                0x008000b4                PROVIDE (__data_end, .)

.bss            0x008000b4       0x1a
                0x008000b4                PROVIDE (__bss_start, .)
 *(.bss)
 *(.bss*)
 .bss.Init_Is_Finshed
                0x008000b4        0x1 HAL/LCD_Driver/LCD.o
 .bss.Hours     0x008000b5        0x1 main.o
 .bss.Minutes   0x008000b6        0x1 main.o
 .bss.Seconds   0x008000b7        0x1 main.o
 .bss.ADCGptrParameter
                0x008000b8        0x2 MCAL/ADC_Driver/ADC_Prog.o
 .bss.ADC_GptrFun
                0x008000ba        0x2 MCAL/ADC_Driver/ADC_Prog.o
 .bss.INT2_Fptr
                0x008000bc        0x2 MCAL/EXTI_Driver/EXTI.o
 .bss.INT1_Fptr
                0x008000be        0x2 MCAL/EXTI_Driver/EXTI.o
 .bss.INT0_Fptr
                0x008000c0        0x2 MCAL/EXTI_Driver/EXTI.o
 .bss.GLOB_VidTimer0OCMPtrCallBack
                0x008000c2        0x2 MCAL/TIMER0/Timer0_Prog.o
                0x008000c2                GLOB_VidTimer0OCMPtrCallBack
 .bss.GLOB_VidTimer0OVFPtrCallBack
                0x008000c4        0x2 MCAL/TIMER0/Timer0_Prog.o
                0x008000c4                GLOB_VidTimer0OVFPtrCallBack
 .bss.GLOB_VidTimer1CaptureEventPtrCallBack
                0x008000c6        0x2 MCAL/TIMER1/Timer1_Prog.o
                0x008000c6                GLOB_VidTimer1CaptureEventPtrCallBack
 .bss.GLOB_VidTimer1OCBPtrCallBack
                0x008000c8        0x2 MCAL/TIMER1/Timer1_Prog.o
                0x008000c8                GLOB_VidTimer1OCBPtrCallBack
 .bss.GLOB_VidTimer1OCAPtrCallBack
                0x008000ca        0x2 MCAL/TIMER1/Timer1_Prog.o
                0x008000ca                GLOB_VidTimer1OCAPtrCallBack
 .bss.GLOB_VidTimer1OVFPtrCallBack
                0x008000cc        0x2 MCAL/TIMER1/Timer1_Prog.o
                0x008000cc                GLOB_VidTimer1OVFPtrCallBack
 *(COMMON)
                0x008000ce                PROVIDE (__bss_end, .)
                0x00000f42                __data_load_start = LOADADDR (.data)
                0x00000f96                __data_load_end = (__data_load_start + SIZEOF (.data))

.noinit         0x008000ce        0x0
                [!provide]                PROVIDE (__noinit_start, .)
 *(.noinit*)
                [!provide]                PROVIDE (__noinit_end, .)
                0x008000ce                _end = .
                [!provide]                PROVIDE (__heap_start, .)

.eeprom         0x00810000        0x0
 *(.eeprom*)
                0x00810000                __eeprom_end = .

.fuse
 *(.fuse)
 *(.lfuse)
 *(.hfuse)
 *(.efuse)

.lock
 *(.lock*)

.signature
 *(.signature*)

.user_signatures
 *(.user_signatures*)

.stab
 *(.stab)

.stabstr
 *(.stabstr)

.stab.excl
 *(.stab.excl)

.stab.exclstr
 *(.stab.exclstr)

.stab.index
 *(.stab.index)

.stab.indexstr
 *(.stab.indexstr)

.comment        0x00000000       0x30
 *(.comment)
 .comment       0x00000000       0x30 HAL/KeyPad_Driver/Keypad.o
                                 0x31 (size before relaxing)
 .comment       0x00000030       0x31 HAL/LCD_Driver/LCD.o
 .comment       0x00000030       0x31 main.o
 .comment       0x00000030       0x31 MCAL/ADC_Driver/ADC_Prog.o
 .comment       0x00000030       0x31 MCAL/DIO_Driver/DIO.o
 .comment       0x00000030       0x31 MCAL/EXTI_Driver/EXTI.o
 .comment       0x00000030       0x31 MCAL/TIMER0/Timer0_Prog.o
 .comment       0x00000030       0x31 MCAL/TIMER1/Timer1_Prog.o

.note.gnu.avr.deviceinfo
                0x00000000       0x3c
 .note.gnu.avr.deviceinfo
                0x00000000       0x3c C:/Program Files (x86)/Atmel/Studio/7.0/Packs/atmel/ATmega_DFP/1.7.374/gcc/dev/atmega32a/avr5/crtatmega32a.o

.note.gnu.build-id
 *(.note.gnu.build-id)

.debug
 *(.debug)

.line
 *(.line)

.debug_srcinfo
 *(.debug_srcinfo)

.debug_sfnames
 *(.debug_sfnames)

.debug_aranges  0x00000000      0x398
 *(.debug_aranges)
 .debug_aranges
                0x00000000       0x28 HAL/KeyPad_Driver/Keypad.o
 .debug_aranges
                0x00000028       0x68 HAL/LCD_Driver/LCD.o
 .debug_aranges
                0x00000090       0x30 main.o
 .debug_aranges
                0x000000c0       0x70 MCAL/ADC_Driver/ADC_Prog.o
 .debug_aranges
                0x00000130       0x50 MCAL/DIO_Driver/DIO.o
 .debug_aranges
                0x00000180       0x50 MCAL/EXTI_Driver/EXTI.o
 .debug_aranges
                0x000001d0       0x90 MCAL/TIMER0/Timer0_Prog.o
 .debug_aranges
                0x00000260      0x138 MCAL/TIMER1/Timer1_Prog.o

.debug_pubnames
 *(.debug_pubnames)

.debug_info     0x00000000     0x25c8
 *(.debug_info .gnu.linkonce.wi.*)
 .debug_info    0x00000000      0x4e6 C:/Program Files (x86)/Atmel/Studio/7.0/Packs/atmel/ATmega_DFP/1.7.374/gcc/dev/atmega32a/avr5/crtatmega32a.o
 .debug_info    0x000004e6       0xf5 HAL/KeyPad_Driver/Keypad.o
 .debug_info    0x000005db      0x7ee HAL/LCD_Driver/LCD.o
 .debug_info    0x00000dc9      0x73a main.o
 .debug_info    0x00001503      0x33e MCAL/ADC_Driver/ADC_Prog.o
 .debug_info    0x00001841      0x285 MCAL/DIO_Driver/DIO.o
 .debug_info    0x00001ac6      0x209 MCAL/EXTI_Driver/EXTI.o
 .debug_info    0x00001ccf      0x27f MCAL/TIMER0/Timer0_Prog.o
 .debug_info    0x00001f4e      0x67a MCAL/TIMER1/Timer1_Prog.o

.debug_abbrev   0x00000000      0xd3e
 *(.debug_abbrev)
 .debug_abbrev  0x00000000      0x4a3 C:/Program Files (x86)/Atmel/Studio/7.0/Packs/atmel/ATmega_DFP/1.7.374/gcc/dev/atmega32a/avr5/crtatmega32a.o
 .debug_abbrev  0x000004a3       0xa8 HAL/KeyPad_Driver/Keypad.o
 .debug_abbrev  0x0000054b      0x1c6 HAL/LCD_Driver/LCD.o
 .debug_abbrev  0x00000711      0x16e main.o
 .debug_abbrev  0x0000087f      0x12a MCAL/ADC_Driver/ADC_Prog.o
 .debug_abbrev  0x000009a9       0xaa MCAL/DIO_Driver/DIO.o
 .debug_abbrev  0x00000a53       0xc0 MCAL/EXTI_Driver/EXTI.o
 .debug_abbrev  0x00000b13       0xce MCAL/TIMER0/Timer0_Prog.o
 .debug_abbrev  0x00000be1      0x15d MCAL/TIMER1/Timer1_Prog.o

.debug_line     0x00000000     0x1b69
 *(.debug_line .debug_line.* .debug_line_end)
 .debug_line    0x00000000      0x116 C:/Program Files (x86)/Atmel/Studio/7.0/Packs/atmel/ATmega_DFP/1.7.374/gcc/dev/atmega32a/avr5/crtatmega32a.o
 .debug_line    0x00000116      0x1cb HAL/KeyPad_Driver/Keypad.o
 .debug_line    0x000002e1      0x465 HAL/LCD_Driver/LCD.o
 .debug_line    0x00000746      0x588 main.o
 .debug_line    0x00000cce      0x224 MCAL/ADC_Driver/ADC_Prog.o
 .debug_line    0x00000ef2      0x2f1 MCAL/DIO_Driver/DIO.o
 .debug_line    0x000011e3      0x27f MCAL/EXTI_Driver/EXTI.o
 .debug_line    0x00001462      0x212 MCAL/TIMER0/Timer0_Prog.o
 .debug_line    0x00001674      0x4f5 MCAL/TIMER1/Timer1_Prog.o

.debug_frame    0x00000000      0x9b8
 *(.debug_frame)
 .debug_frame   0x00000000       0x44 HAL/KeyPad_Driver/Keypad.o
 .debug_frame   0x00000044      0x11c HAL/LCD_Driver/LCD.o
 .debug_frame   0x00000160       0x44 main.o
 .debug_frame   0x000001a4      0x10c MCAL/ADC_Driver/ADC_Prog.o
 .debug_frame   0x000002b0       0x84 MCAL/DIO_Driver/DIO.o
 .debug_frame   0x00000334      0x15c MCAL/EXTI_Driver/EXTI.o
 .debug_frame   0x00000490      0x194 MCAL/TIMER0/Timer0_Prog.o
 .debug_frame   0x00000624      0x394 MCAL/TIMER1/Timer1_Prog.o

.debug_str      0x00000000      0xf31
 *(.debug_str)
 .debug_str     0x00000000      0x196 C:/Program Files (x86)/Atmel/Studio/7.0/Packs/atmel/ATmega_DFP/1.7.374/gcc/dev/atmega32a/avr5/crtatmega32a.o
 .debug_str     0x00000196      0x163 HAL/KeyPad_Driver/Keypad.o
                                0x19c (size before relaxing)
 .debug_str     0x000002f9      0x17d HAL/LCD_Driver/LCD.o
                                0x2e4 (size before relaxing)
 .debug_str     0x00000476      0x173 main.o
                                0x3a4 (size before relaxing)
 .debug_str     0x000005e9      0x1cf MCAL/ADC_Driver/ADC_Prog.o
                                0x321 (size before relaxing)
 .debug_str     0x000007b8       0xde MCAL/DIO_Driver/DIO.o
                                0x27f (size before relaxing)
 .debug_str     0x00000896       0x9a MCAL/EXTI_Driver/EXTI.o
                                0x26e (size before relaxing)
 .debug_str     0x00000930      0x1e8 MCAL/TIMER0/Timer0_Prog.o
                                0x30f (size before relaxing)
 .debug_str     0x00000b18      0x419 MCAL/TIMER1/Timer1_Prog.o
                                0x5cf (size before relaxing)

.debug_loc      0x00000000     0x1c6e
 *(.debug_loc)
 .debug_loc     0x00000000      0x176 HAL/KeyPad_Driver/Keypad.o
 .debug_loc     0x00000176      0x795 HAL/LCD_Driver/LCD.o
 .debug_loc     0x0000090b      0x336 main.o
 .debug_loc     0x00000c41      0x19c MCAL/ADC_Driver/ADC_Prog.o
 .debug_loc     0x00000ddd      0x35b MCAL/DIO_Driver/DIO.o
 .debug_loc     0x00001138      0x422 MCAL/EXTI_Driver/EXTI.o
 .debug_loc     0x0000155a      0x1b7 MCAL/TIMER0/Timer0_Prog.o
 .debug_loc     0x00001711      0x55d MCAL/TIMER1/Timer1_Prog.o

.debug_macinfo
 *(.debug_macinfo)

.debug_weaknames
 *(.debug_weaknames)

.debug_funcnames
 *(.debug_funcnames)

.debug_typenames
 *(.debug_typenames)

.debug_varnames
 *(.debug_varnames)

.debug_pubtypes
 *(.debug_pubtypes)

.debug_ranges   0x00000000      0x318
 *(.debug_ranges)
 .debug_ranges  0x00000000       0x18 HAL/KeyPad_Driver/Keypad.o
 .debug_ranges  0x00000018       0x58 HAL/LCD_Driver/LCD.o
 .debug_ranges  0x00000070       0x20 main.o
 .debug_ranges  0x00000090       0x60 MCAL/ADC_Driver/ADC_Prog.o
 .debug_ranges  0x000000f0       0x40 MCAL/DIO_Driver/DIO.o
 .debug_ranges  0x00000130       0x40 MCAL/EXTI_Driver/EXTI.o
 .debug_ranges  0x00000170       0x80 MCAL/TIMER0/Timer0_Prog.o
 .debug_ranges  0x000001f0      0x128 MCAL/TIMER1/Timer1_Prog.o

.debug_macro
 *(.debug_macro)
OUTPUT(AVR_Driver.elf elf32-avr)
LOAD linker stubs
